// Jest Snapshot v1, https://goo.gl/fbAQLP

exports[`App components should render correctly 1`] = `ShallowWrapper {}`;
