// Jest Snapshot v1, https://goo.gl/fbAQLP

exports[`Gift component should render properly 1`] = `ShallowWrapper {}`;
